
Warning: Module "openssl" is already loaded in Unknown on line 0

Starting Integration Test...
Creating test project budget for TEST-PROJ-1763872018...
Creating test proposal...
Proposal ID: 28
Adding budget details...
Simulating FM Approval...
Generated Voucher: 2025/11/TEST-PROJ-1763872018/001
Transaction Committed.
Verifying Results...
PASS: Proposal status updated.
PASS: Bank detail created.
PASS: Piutang detail created.
Array
(
    [id_budget] => 15
    [kode_proyek] => TEST-PROJ-1763872018
    [id_village] => 999
    [exp_code] => TEST-EXP
    [place_code] => TEST-PLACE-1763872018
    [budget_usd] => 1000.00
    [budget_idr] => 15000000.00
    [used_usd] => 100.00
    [used_idr] => 1500000.00
    [remaining_usd] => 900.00
    [remaining_idr] => 13500000.00
    [exrate] => 1.0000
    [created_at] => 2025-11-23 11:26:58
    [updated_at] => 2025-11-23 11:26:58
)
PASS: Budget updated.
Cleaning up...
Test Completed Successfully!
